Sections:
00: "org0001:200" (200-31E)


Source: "SPI.asm"
                        	     1: ; Program for outline of code to do MOSI SPI
                        	     2: 
                        	     3: .cpu 6502
                        	     4: .equ outputKIM, 0x1700 ; variable for address of SPI pins (where output will be sent from), bit 7 is MOSI, bit 6 is SS,
                        	     5: .equ outputSettings, 0x1701 ; variable for address of output settings, where we can set pins to inputs or outputs
                        	     6: 
                        	     7: .equ output, 0x1000 ; variable for address of output (for byte_send)
                        	     8: 
                        	     9: .equ byte1, 0x1001 ; variable for address of display address byte
                        	    10: .equ byte2, 0x1002 ; variable for address of display digit byte 
                        	    11: 
                        	    12: .org 0x0200
                        	    13: 
                        	    14: main:
                        	    15:     ; example code to display a 1 to the rightmost digit of a MAX7219 7 segment display with SPI
                        	    16:     ; data sheet: https://www.analog.com/media/en/technical-documentation/data-sheets/max7219-max7221.pdf
                        	    17:     ; ideally you would put the setup and sending of address and data bytes in their own subroutines (which are like fu
                        	    18: 
00:0200 20C602          	    19:     JSR setup
00:0203 20DC02          	    20:     JSR initialize
                        	    21: 
                        	    22:     ; send data for number 1 to digit 0 of display in code B decode
                        	    23:     
                        	    24:     ; send bytes to display 0 on digit 7 (Address 0x08 -> data[0])
00:0206 A908            	    25:     LDA #0x08
00:0208 8D0110          	    26:     STA byte1
00:020B A90F            	    27:     LDA #0x0F
00:020D 8D0210          	    28:     STA byte2
                        	    29:     
00:0210 20A302          	    30:     JSR spi_send
                        	    31:     
                        	    32:     ; display 0 on digit 6 (Address 0x07 -> data[1])
00:0213 A907            	    33:     LDA #0x07
00:0215 8D0110          	    34:     STA byte1
00:0218 A90F            	    35:     LDA #0x0F
00:021A 8D0210          	    36:     STA byte2
                        	    37:     
00:021D 20A302          	    38:     JSR spi_send
                        	    39:     
                        	    40:     ; display 0 on digit 5 (Address 0x06 -> data[2])
00:0220 A906            	    41:     LDA #0x06
00:0222 8D0110          	    42:     STA byte1
00:0225 A90F            	    43:     LDA #0x0F
00:0227 8D0210          	    44:     STA byte2
                        	    45:     
00:022A 20A302          	    46:     JSR spi_send
                        	    47:     
                        	    48:     ; display 0 on digit 4 (Address 0x05 -> data[3])
00:022D A905            	    49:     LDA #0x05
00:022F 8D0110          	    50:     STA byte1
00:0232 A90F            	    51:     LDA #0x0F
00:0234 8D0210          	    52:     STA byte2
                        	    53:     
00:0237 20A302          	    54:     JSR spi_send
                        	    55:     
                        	    56:     ; display 0 on digit 3 (Address 0x04 -> data[4])
00:023A A904            	    57:     LDA #0x04
00:023C 8D0110          	    58:     STA byte1
00:023F A90F            	    59:     LDA #0x0F
00:0241 8D0210          	    60:     STA byte2
                        	    61:     
00:0244 20A302          	    62:     JSR spi_send
                        	    63:     
                        	    64:     ; display 0 on digit 2 (Address 0x03 -> data[5])
00:0247 A903            	    65:     LDA #0x03
00:0249 8D0110          	    66:     STA byte1
00:024C A90F            	    67:     LDA #0x0F
00:024E 8D0210          	    68:     STA byte2
                        	    69:     
00:0251 20A302          	    70:     JSR spi_send
                        	    71:     
                        	    72:     ; display 0 on digit 1 (Address 0x02 -> data[6])
00:0254 A902            	    73:     LDA #0x02
00:0256 8D0110          	    74:     STA byte1
00:0259 A90F            	    75:     LDA #0x0F
00:025B 8D0210          	    76:     STA byte2
                        	    77:     
00:025E 20A302          	    78:     JSR spi_send
                        	    79:     
                        	    80:     ; display 1 on digit 0 (Address 0x01 -> data[7])
00:0261 A901            	    81:     LDA #0x01
00:0263 8D0110          	    82:     STA byte1
00:0266 A901            	    83:     LDA #0x01
00:0268 8D0210          	    84:     STA byte2
                        	    85:     
00:026B 20A302          	    86:     JSR spi_send
                        	    87: 
                        	    88: 
00:026E 00              	    89:     BRK ; end program
                        	    90: 
                        	    91: 
                        	    92: 
                        	    93: byte_send: ; subroutine to send 8 bits
                        	    94: 
                        	    95:     set_clk_low: ; set the clock low before getting data in pin 7
00:026F AD0017          	    96:         LDA outputKIM
00:0272 29DF            	    97:         AND #0b11011111   ; Pull CLK (bit 5) low
00:0274 8D0017          	    98:         STA outputKIM
                        	    99:     
                        	   100:     set_counter: ; counter to see how many bits have been sent of byte
00:0277 A208            	   101:         LDX #0x08
                        	   102:         
                        	   103:     send_output: ; send byte of data
                        	   104:         
                        	   105:         ; store output bit in outputKIM bit 7
00:0279 AD0010          	   106:         LDA output ; load output into accumulator
00:027C 2980            	   107:         AND #0b10000000 ; AND output so only last bit is recognized
00:027E 0D0017          	   108:         ORA outputKIM ; OR output to what's in 0x1700, nothing is changed except last bit
00:0281 8D0017          	   109:         STA outputKIM ; store result in KIM output bit
                        	   110:         
00:0284 0E0010          	   111:         ASL output ; arithmetic shift left of output1 to move next output1 bit to bit 0
                        	   112:     
                        	   113:     clk_cycle: ; simulate a clock cycle that occurs
                        	   114:                ; data has to be stable before clock rising edge
                        	   115:         
00:0287 AD0017          	   116:         LDA outputKIM ;load outputKIM into memory
00:028A 4920            	   117:         EOR #0b00100000 ; Invert SCLK (bit 5)
00:028C 8D0017          	   118:         STA outputKIM ; Store into outputKIM
                        	   119:         
00:028F AD0017          	   120:         LDA outputKIM ; load outputKIM
00:0292 4920            	   121:         EOR #0b00100000 ; Invert SCLK (bit 5)
00:0294 8D0017          	   122:         STA outputKIM ; Store into outputKIM
                        	   123:         
00:0297 AD0017          	   124:         LDA outputKIM ; set final digit of outputKIM to 0 so it is modified correctly on next edge
00:029A 297F            	   125:         AND #0b01111111
00:029C 8D0017          	   126:         STA outputKIM
                        	   127:         
00:029F CA              	   128:         DEX ; decrement number of bits remaining to be sent
                        	   129:         
00:02A0 D0D7            	   130:         BNE send_output ; jump to send_output for next bit
                        	   131:         
00:02A2 60              	   132:     RTS ; end subroutine
                        	   133: 
                        	   134: 
                        	   135: spi_send: ; subroutine to send 2 bytes for display
                        	   136:     
                        	   137:     ; set SS pin low
                        	   138:     set_ss_low:
00:02A3 AD0017          	   139:         LDA outputKIM
00:02A6 29BF            	   140:         AND #0b10111111 ; Pull SS (bit 6) low
00:02A8 8D0017          	   141:         STA outputKIM
                        	   142:     
                        	   143:     ; send address byte
                        	   144:     send_address:
00:02AB AD0110          	   145:         LDA byte1
00:02AE 8D0010          	   146:         STA output
00:02B1 206F02          	   147:         JSR byte_send
                        	   148:     
                        	   149:     ; send data byte
                        	   150:     send_data:
00:02B4 AD0210          	   151:         LDA byte2
00:02B7 8D0010          	   152:         STA output
00:02BA 206F02          	   153:         JSR byte_send
                        	   154:     
                        	   155:     ; set SS pin high
                        	   156:     set_ss_high:
00:02BD AD0017          	   157:         LDA outputKIM
00:02C0 0940            	   158:         ORA #0b01000000 ; Pull SS (bit 6) high
00:02C2 8D0017          	   159:         STA outputKIM
                        	   160:         
00:02C5 60              	   161:     RTS ; end subroutine
                        	   162:     
                        	   163: setup: ; setup subroutine
                        	   164: 
                        	   165:     clear_decimal_mode:
00:02C6 D8              	   166:         CLD
                        	   167:     
                        	   168:     set_initial_output_state: ; set outputKIM to 0x00
00:02C7 A900            	   169:         LDA #0x00
00:02C9 8D0017          	   170:         STA outputKIM
                        	   171:     
                        	   172:     make_output: ; make port A an output
00:02CC A9FF            	   173:         LDA #0xFF
00:02CE 8D0117          	   174:         STA outputSettings
                        	   175:     
                        	   176:     set_low: ; Pull SS and CLK pin to low by AND with outputKIM and storing it back
00:02D1 AD0017          	   177:             LDA outputKIM
00:02D4 29DF            	   178:             AND #0b11011111  ; Pull CLK (bit 5) low
00:02D6 29BF            	   179:             AND #0b10111111  ; Pull SS (bit 6) low
00:02D8 8D0017          	   180:             STA outputKIM
                        	   181:             
00:02DB 60              	   182:     RTS
                        	   183: 
                        	   184: initialize: ; Initialize MAX7219 subroutine
                        	   185: 
                        	   186:     ; Set Decode Mode to code B (Address 0x09 -> Data 0xFF)
00:02DC A909            	   187:     LDA #0x09
00:02DE 8D0110          	   188:     STA byte1
00:02E1 A9FF            	   189:     LDA #0xFF
00:02E3 8D0210          	   190:     STA byte2
00:02E6 20A302          	   191:     JSR spi_send
                        	   192: 
                        	   193:     ; Set Intensity (Address 0x0A -> Data 0x0F)
00:02E9 A90A            	   194:     LDA #0x0A
00:02EB 8D0110          	   195:     STA byte1
00:02EE A90F            	   196:     LDA #0x0F
00:02F0 8D0210          	   197:     STA byte2
00:02F3 20A302          	   198:     JSR spi_send
                        	   199: 
                        	   200:     ; Set Scan Limit (Address 0x0B -> Data 0x07)
00:02F6 A90B            	   201:     LDA #0x0B
00:02F8 8D0110          	   202:     STA byte1
00:02FB A907            	   203:     LDA #0x07
00:02FD 8D0210          	   204:     STA byte2
00:0300 20A302          	   205:     JSR spi_send
                        	   206: 
                        	   207:     ; Turn on display (Address 0x0C -> Data 0x01)
00:0303 A90C            	   208:     LDA #0x0C
00:0305 8D0110          	   209:     STA byte1
00:0308 A901            	   210:     LDA #0x01
00:030A 8D0210          	   211:     STA byte2
00:030D 20A302          	   212:     JSR spi_send
                        	   213: 
                        	   214:     ; Exit Display Test Mode (Address 0x0F -> Data 0x00)
00:0310 A90F            	   215:     LDA #0x0F
00:0312 8D0110          	   216:     STA byte1
00:0315 A900            	   217:     LDA #0x00
00:0317 8D0210          	   218:     STA byte2
00:031A 20A302          	   219:     JSR spi_send
                        	   220:     
00:031D 60              	   221:     RTS ; end subroutine
                        	   222: 
                        	   223: 
                        	   224: 
                        	   225: ; put data or whatever here
                        	   226: ; .include "file.txt" or something


Symbols by name:
byte1                            S:1001
byte2                            S:1002
byte_send                        A:026F
clear_decimal_mode               A:02C6
clk_cycle                        A:0287
initialize                       A:02DC
main                             A:0200
make_output                      A:02CC
output                           S:1000
outputKIM                        S:1700
outputSettings                   S:1701
send_address                     A:02AB
send_data                        A:02B4
send_output                      A:0279
set_clk_low                      A:026F
set_counter                      A:0277
set_initial_output_state         A:02C7
set_low                          A:02D1
set_ss_high                      A:02BD
set_ss_low                       A:02A3
setup                            A:02C6
spi_send                         A:02A3

Symbols by value:
0200 main
026F byte_send
026F set_clk_low
0277 set_counter
0279 send_output
0287 clk_cycle
02A3 set_ss_low
02A3 spi_send
02AB send_address
02B4 send_data
02BD set_ss_high
02C6 clear_decimal_mode
02C6 setup
02C7 set_initial_output_state
02CC make_output
02D1 set_low
02DC initialize
1000 output
1001 byte1
1002 byte2
1700 outputKIM
1701 outputSettings
